name: "@main-folder/interfaces"
description: ""
namespace: "Interfaces\\"

# "Public API" of the modulite: classes, functions, constants, etc.
# Symbols not listed here will be internal.
export:
  - "Task"
  - "Icaller"

# Class members to exclude, they override "export".
force-internal:

# Dependencies: other modulites, global classes, defines, etc.
require:
  - "@main-folder"

# Granting partial access to internal symbols, "as an exception".
allow-internal-access:
