name: "@core"
namespace: "\\Core\\"

export:
  - "Logger::debug()"
