<?php

namespace Module\InternMethod;

/*<# [internal in   @module   []] #>*/class Some {
  /*<# [internal in   @module   [(visible for   @module2  )]] #>*/public static function foo() {}
}
