<?php

namespace Module\AutoExportMethod;

/*<# [exported from   @module   []] #>*/class Some {
  /*<# [exported from   @module   []] #>*/public static function foo() {}
}
