<?php

namespace Module\HideMethod;

/*<# [exported from   @module   []] #>*/class Some {
  /*<# [internal in   @module   []] #>*/public static function foo() {}
}
