name: "@photos"
description: ""
namespace: "Photos\\"

# "Public API" of the modulite: classes, functions, constants, etc.
# Symbols not listed here will be internal.
export:
  - "Photo"

# Class members to exclude, they override "export".
force-internal:

# Dependencies: other modulites, global classes, defines, etc.
require:
  - "\\Engines\\LikesEngineTrait"
  - "\\ExternalEngines\\Tweets::printTweetsLikesCountByUser()"

# Granting partial access to internal symbols, "as an exception".
allow-internal-access:
