name: "@api"
namespace: "Api\\"

require:
  - "@core"
