name: "@mod_a"
description: ""
namespace: "mod_a\\"

# "Public API" of the modulite: classes, functions, constants, etc.
# Symbols not listed here will be internal.
export:
  - "Foo"

# Class members to exclude, they override "export".
force-internal:

# Dependencies: other modulites, global classes, defines, etc.
require:
  - "@mod_b"

# Granting partial access to internal symbols, "as an exception".
allow-internal-access:
